// Jest Snapshot v1, https://goo.gl/fbAQLP

exports[`<Loading /> Render successfully 1`] = `
<View
  style={
    Object {
      "alignItems": "center",
      "flex": 1,
      "flexDirection": "row",
      "justifyContent": "center",
    }
  }
>
  <Text
    style={
      Object {
        "fontSize": 20,
        "marginRight": 5,
      }
    }
  >
    Loading Data...
  </Text>
  <View>
    <Text />
  </View>
</View>
`;
